converged SCF energy = -1.17548110551199
geometric-optimize called with the following command line:
pyscf_isotope_equilibrium.py

                                        [91m())))))))))))))))/[0m                     
                                    [91m())))))))))))))))))))))))),[0m                
                                [91m*)))))))))))))))))))))))))))))))))[0m             
                        [94m#,[0m    [91m()))))))))/[0m                [91m.)))))))))),[0m          
                      [94m#%%%%,[0m  [91m())))))[0m                        [91m.))))))))*[0m        
                      [94m*%%%%%%,[0m  [91m))[0m              [93m..[0m              [91m,))))))).[0m      
                        [94m*%%%%%%,[0m         [93m***************/.[0m        [91m.)))))))[0m     
                [94m#%%/[0m      [94m(%%%%%%,[0m    [93m/*********************.[0m       [91m)))))))[0m    
              [94m.%%%%%%#[0m      [94m*%%%%%%,[0m  [93m*******/,[0m     [93m**********,[0m      [91m.))))))[0m   
                [94m.%%%%%%/[0m      [94m*%%%%%%,[0m  [93m**[0m              [93m********[0m      [91m.))))))[0m  
          [94m##[0m      [94m.%%%%%%/[0m      [94m(%%%%%%,[0m                  [93m,******[0m      [91m/)))))[0m  
        [94m%%%%%%[0m      [94m.%%%%%%#[0m      [94m*%%%%%%,[0m    [92m,/////.[0m       [93m******[0m      [91m))))))[0m 
      [94m#%[0m      [94m%%[0m      [94m.%%%%%%/[0m      [94m*%%%%%%,[0m  [92m////////,[0m      [93m*****/[0m     [91m,)))))[0m 
    [94m#%%[0m  [94m%%%[0m  [94m%%%#[0m      [94m.%%%%%%/[0m      [94m(%%%%%%,[0m  [92m///////.[0m     [93m/*****[0m      [91m))))).[0m
  [94m#%%%%.[0m      [94m%%%%%#[0m      [94m/%%%%%%*[0m      [94m#%%%%%%[0m   [92m/////)[0m     [93m******[0m      [91m))))),[0m
    [94m#%%%%##%[0m  [94m%%%#[0m      [94m.%%%%%%/[0m      [94m(%%%%%%,[0m  [92m///////.[0m     [93m/*****[0m      [91m))))).[0m
      [94m##[0m     [94m%%%[0m      [94m.%%%%%%/[0m      [94m*%%%%%%,[0m  [92m////////.[0m      [93m*****/[0m     [91m,)))))[0m 
        [94m#%%%%#[0m      [94m/%%%%%%/[0m      [94m(%%%%%%[0m      [92m/)/)//[0m       [93m******[0m      [91m))))))[0m 
          [94m##[0m      [94m.%%%%%%/[0m      [94m(%%%%%%,[0m                  [93m*******[0m      [91m))))))[0m  
                [94m.%%%%%%/[0m      [94m*%%%%%%,[0m  [93m**.[0m             [93m/*******[0m      [91m.))))))[0m  
              [94m*%%%%%%/[0m      [94m(%%%%%%[0m   [93m********/*..,*/*********[0m       [91m*))))))[0m   
                [94m#%%/[0m      [94m(%%%%%%,[0m    [93m*********************/[0m        [91m)))))))[0m    
                        [94m*%%%%%%,[0m         [93m,**************/[0m         [91m,))))))/[0m     
                      [94m(%%%%%%[0m   [91m()[0m                              [91m))))))))[0m       
                      [94m#%%%%,[0m  [91m())))))[0m                        [91m,)))))))),[0m        
                        [94m#,[0m    [91m())))))))))[0m                [91m,)))))))))).[0m          
                                 [91m()))))))))))))))))))))))))))))))/[0m             
                                    [91m())))))))))))))))))))))))).[0m                
                                         [91m())))))))))))))),[0m                     

-=# [1;94m geomeTRIC started. Version: 1.1.1 [0m #=-
Current date and time: 2026-09-23 16:21:01
#========================================================#
#| [92m    Arguments passed to driver run_optimizer():     [0m |#
#========================================================#
customengine              <pyscf.geomopt.geometric_solver.PySCFEngine object at 0x7f51eb845fd0> 
input                     /tmp/tmp67fptad3/4b47ba3c-ef80-4236-959a-37d653e1cb27 
logIni                    /appl/share/maestro/maestro/.venv/lib/python3.14/site-packages/pyscf/geomopt/log.ini 
maxiter                   50 
----------------------------------------------------------
Custom engine selected.
Bonds will be generated from interatomic distances less than 1.20 times sum of covalent radii
6 internal coordinates being used (instead of 6 Cartesians)
Internal coordinate system (atoms numbered from 1):
Distance 1-2
Translation-X 1-2
Translation-Y 1-2
Translation-Z 1-2
Rotation-A 1-2
Rotation-B 1-2
Rotation-C 1-2
<class 'geometric.internal.Distance'> : 1
<class 'geometric.internal.TranslationX'> : 1
<class 'geometric.internal.TranslationY'> : 1
<class 'geometric.internal.TranslationZ'> : 1
<class 'geometric.internal.RotationA'> : 1
<class 'geometric.internal.RotationB'> : 1
<class 'geometric.internal.RotationC'> : 1
> ===== Optimization Info: ====
> Job type: Energy minimization
> Maximum number of optimization cycles: 50
> Initial / maximum trust radius (Angstrom): 0.100 / 0.300
> Convergence Criteria:
> Will converge when all 5 criteria are reached:
>  |Delta-E| < 1.00e-06
>  RMS-Grad  < 3.00e-04
>  Max-Grad  < 4.50e-04
>  RMS-Disp  < 1.20e-03
>  Max-Disp  < 1.80e-03
> === End Optimization Info ===

Geometry optimization cycle 1
Cartesian coordinates (Angstrom)
 Atom        New coordinates             dX        dY        dZ
   H   0.000000   0.000000   0.000000    0.000000  0.000000  0.000000
   H   0.000000   0.000000   0.741400    0.000000  0.000000 -0.000000

WARN: Mole.unit (Angstrom) is changed to Bohr

converged SCF energy = -1.17548110551199
--------------- RKS_Scanner gradients ---------------
         x                y                z
0 H    -0.0000000000    -0.0000000000     0.0009966368
1 H    -0.0000000000     0.0000000000    -0.0009966368
----------------------------------------------
cycle 1: E = -1.17548110551  dE = -1.17548  norm(grad) = 0.00140946
Step    0 : Gradient = 9.966e-04/9.966e-04 (rms/max) Energy = -1.1754811055
Hessian Eigenvalues: 5.00000e-02 5.00000e-02 5.00000e-02 ... 5.00000e-02 5.00000e-02 3.89509e-01

Geometry optimization cycle 2
Cartesian coordinates (Angstrom)
 Atom        New coordinates             dX        dY        dZ
   H  -0.000000   0.000000  -0.000677   -0.000000  0.000000 -0.000677
   H   0.000000  -0.000000   0.742077    0.000000 -0.000000  0.000677
converged SCF energy = -1.17548241012067
--------------- RKS_Scanner gradients ---------------
         x                y                z
0 H    -0.0000000000     0.0000000000     0.0000245582
1 H    -0.0000000000    -0.0000000000    -0.0000245582
----------------------------------------------
cycle 2: E = -1.17548241012  dE = -1.30461e-06  norm(grad) = 3.47305e-05
Step    1 : Displace = [92m6.770e-04[0m/[92m6.770e-04[0m (rms/max) Trust = 1.000e-01 (=) Grad = [92m2.456e-05[0m/[92m2.456e-05[0m (rms/max) E (change) = -1.1754824101 ([0m-1.305e-06[0m) Quality = [0m1.023[0m
Hessian Eigenvalues: 5.00000e-02 5.00000e-02 5.00000e-02 ... 5.00000e-02 5.00000e-02 3.79911e-01

Geometry optimization cycle 3
Cartesian coordinates (Angstrom)
 Atom        New coordinates             dX        dY        dZ
   H   0.000000  -0.000000  -0.000694    0.000000 -0.000000 -0.000017
   H   0.000000   0.000000   0.742094    0.000000  0.000000  0.000017
converged SCF energy = -1.17548241091716
--------------- RKS_Scanner gradients ---------------
         x                y                z
0 H    -0.0000000000    -0.0000000000     0.0000001530
1 H     0.0000000000     0.0000000000    -0.0000001530
----------------------------------------------
cycle 3: E = -1.17548241092  dE = -7.96492e-10  norm(grad) = 2.16434e-07
Step    2 : Displace = [92m1.710e-05[0m/[92m1.710e-05[0m (rms/max) Trust = 1.414e-01 ([92m+[0m) Grad = [92m1.530e-07[0m/[92m1.530e-07[0m (rms/max) E (change) = -1.1754824109 ([92m-7.965e-10[0m) Quality = [0m1.003[0m
Hessian Eigenvalues: 5.00000e-02 5.00000e-02 5.00000e-02 ... 5.00000e-02 5.00000e-02 3.79911e-01
Converged! =D

    #==========================================================================#
    #| If this code has benefited your research, please support us by citing: |#
    #|                                                                        |#
    #| Wang, L.-P.; Song, C.C. (2016) "Geometry optimization made simple with |#
    #| translation and rotation coordinates", J. Chem, Phys. 144, 214108.     |#
    #| http://dx.doi.org/10.1063/1.4952956                                    |#
    #==========================================================================#
    Time elapsed since start of run_optimizer: 1.248 seconds
converged SCF energy = -1.17548241091717
